On terminal do following:

Last login: Sat Feb 20 16:48:13 on console
pranavganore@Pranavs-MacBook-Pro ~ % mysql
zsh: command not found: mysql
pranavganore@Pranavs-MacBook-Pro ~ % alias mysql=/usr/local/mysql/bin/mysql
pranavganore@Pranavs-MacBook-Pro ~ % mysql
ERROR 1045 (28000): Access denied for user 'pranavganore'@'localhost' (using password: NO)
pranavganore@Pranavs-MacBook-Pro ~ % mysql --user=root -p
Enter password: 
Welcome to the MySQL monitor.  Commands end with ; or \g.
Your MySQL connection id is 9
Server version: 8.0.23 MySQL Community Server - GPL

Copyright (c) 2000, 2021, Oracle and/or its affiliates.

Oracle is a registered trademark of Oracle Corporation and/or its
affiliates. Other names may be trademarks of their respective
owners.

Type 'help;' or '\h' for help. Type '\c' to clear the current input statement.

mysql> 


// Some Important sql commands	//

mysql> status
mysql> help

mysql> show databases;

mysql> use db_name;

	mysql> show tables;
	
	mysql> describe table_name; / desc table_name;

mysql> quit; OR exit;